// Jest Snapshot v1, https://goo.gl/fbAQLP

exports[`<Header /> renders successfully 1`] = `
<h1
  class="header"
  title="Header"
>
  Todo
</h1>
`;
